// Jest Snapshot v1, https://goo.gl/fbAQLP

exports[`Client Info should render properly 1`] = `
ShallowWrapper {
  Symbol(enzyme.__root__): [Circular],
  Symbol(enzyme.__unrendered__): <customerInfo
    selectCustomer={[Function]}
    selectedCustomer={
        Object {
            "age": 29,
            "friends": Array [
              "ioo",
              "foo",
              "moe",
            ],
            "isActive": false,
            "name": Object {
              "first": "Eric",
              "last": "hartman",
            },
            "tags": Array [
              "goo",
              "moo",
              "shoe",
            ],
          }
    }
/>,
  Symbol(enzyme.__renderer__): Object {
    "batchedUpdates": [Function],
    "getNode": [Function],
    "render": [Function],
    "simulateEvent": [Function],
    "unmount": [Function],
  },
  Symbol(enzyme.__node__): Object {
    "instance": null,
    "key": undefined,
    "nodeType": "host",
    "props": Object {
      "children": Array [
        <img
          alt="customer"
          className="customerInfo-image"
          src={undefined}
/>,
        <h6
          className="customerInfo-details"
>
          Full Name: 
          Eric hartman
</h6>,
        <h6
          className="customerInfo-details"
>
          Balance: 
</h6>,
        <h6
          className="customerInfo-details"
>
          Active: 
          false
</h6>,
        <h6
          className="customerInfo-details"
>
          Age: 
          29
</h6>,
        <h6
          className="customerInfo-details"
>
          About: 
</h6>,
        <h6
          className="customerInfo-details"
>
          Address: 
</h6>,
        <h6
          className="customerInfo-details"
>
          Friends: 
          <span>
                     
                    undefined, 
                     
          </span>
          <span>
                     
                    undefined, 
                     
          </span>
          <span>
                     
                    undefined, 
                     
          </span>
</h6>,
        <h6
          className="customerInfo-details"
>
          Tags: 
          <span>
                    goo, 
          </span>
          <span>
                    moo, 
          </span>
          <span>
                    shoe, 
          </span>
</h6>,
        <button
          className="btn cta error customerInfo-btn"
          onClick={[Function]}
>
          Close
</button>,
      ],
      "className": "customer-info",
    },
    "ref": null,
    "rendered": Array [
      Object {
        "instance": null,
        "key": undefined,
        "nodeType": "host",
        "props": Object {
          "alt": "customer",
          "className": "customerInfo-image",
          "src": undefined,
        },
        "ref": null,
        "rendered": null,
        "type": "img",
      },
      Object {
        "instance": null,
        "key": undefined,
        "nodeType": "host",
        "props": Object {
          "children": Array [
            "Full Name: ",
            "Eric hartman",
          ],
          "className": "customerInfo-details",
        },
        "ref": null,
        "rendered": Array [
          "Full Name: ",
          "Eric hartman",
        ],
        "type": "h6",
      },
      Object {
        "instance": null,
        "key": undefined,
        "nodeType": "host",
        "props": Object {
          "children": Array [
            "Balance: ",
            undefined,
          ],
          "className": "customerInfo-details",
        },
        "ref": null,
        "rendered": Array [
          "Balance: ",
          undefined,
        ],
        "type": "h6",
      },
      Object {
        "instance": null,
        "key": undefined,
        "nodeType": "host",
        "props": Object {
          "children": Array [
            "Active: ",
            "false",
          ],
          "className": "customerInfo-details",
        },
        "ref": null,
        "rendered": Array [
          "Active: ",
          "false",
        ],
        "type": "h6",
      },
      Object {
        "instance": null,
        "key": undefined,
        "nodeType": "host",
        "props": Object {
          "children": Array [
            "Age: ",
            29,
          ],
          "className": "customerInfo-details",
        },
        "ref": null,
        "rendered": Array [
          "Age: ",
          29,
        ],
        "type": "h6",
      },
      Object {
        "instance": null,
        "key": undefined,
        "nodeType": "host",
        "props": Object {
          "children": Array [
            "About: ",
            undefined,
          ],
          "className": "customerInfo-details",
        },
        "ref": null,
        "rendered": Array [
          "About: ",
          undefined,
        ],
        "type": "h6",
      },
      Object {
        "instance": null,
        "key": undefined,
        "nodeType": "host",
        "props": Object {
          "children": Array [
            "Address: ",
            undefined,
          ],
          "className": "customerInfo-details",
        },
        "ref": null,
        "rendered": Array [
          "Address: ",
          undefined,
        ],
        "type": "h6",
      },
      Object {
        "instance": null,
        "key": undefined,
        "nodeType": "host",
        "props": Object {
          "children": Array [
            "Friends: ",
            Array [
              <span>
                 
                undefined, 
                 
</span>,
              <span>
                 
                undefined, 
                 
</span>,
              <span>
                 
                undefined, 
                 
</span>,
            ],
          ],
          "className": "customerInfo-details",
        },
        "ref": null,
        "rendered": Array [
          "Friends: ",
          Object {
            "instance": null,
            "key": "0",
            "nodeType": "host",
            "props": Object {
              "children": Array [
                " ",
                "undefined, ",
                " ",
              ],
            },
            "ref": null,
            "rendered": Array [
              " ",
              "undefined, ",
              " ",
            ],
            "type": "span",
          },
          Object {
            "instance": null,
            "key": "1",
            "nodeType": "host",
            "props": Object {
              "children": Array [
                " ",
                "undefined, ",
                " ",
              ],
            },
            "ref": null,
            "rendered": Array [
              " ",
              "undefined, ",
              " ",
            ],
            "type": "span",
          },
          Object {
            "instance": null,
            "key": "2",
            "nodeType": "host",
            "props": Object {
              "children": Array [
                " ",
                "undefined, ",
                " ",
              ],
            },
            "ref": null,
            "rendered": Array [
              " ",
              "undefined, ",
              " ",
            ],
            "type": "span",
          },
        ],
        "type": "h6",
      },
      Object {
        "instance": null,
        "key": undefined,
        "nodeType": "host",
        "props": Object {
          "children": Array [
            "Tags: ",
            Array [
              <span>
                goo, 
</span>,
              <span>
                moo, 
</span>,
              <span>
                shoe, 
</span>,
            ],
          ],
          "className": "customerInfo-details",
        },
        "ref": null,
        "rendered": Array [
          "Tags: ",
          Object {
            "instance": null,
            "key": "0",
            "nodeType": "host",
            "props": Object {
              "children": "goo, ",
            },
            "ref": null,
            "rendered": "goo, ",
            "type": "span",
          },
          Object {
            "instance": null,
            "key": "1",
            "nodeType": "host",
            "props": Object {
              "children": "moo, ",
            },
            "ref": null,
            "rendered": "moo, ",
            "type": "span",
          },
          Object {
            "instance": null,
            "key": "2",
            "nodeType": "host",
            "props": Object {
              "children": "shoe, ",
            },
            "ref": null,
            "rendered": "shoe, ",
            "type": "span",
          },
        ],
        "type": "h6",
      },
      Object {
        "instance": null,
        "key": undefined,
        "nodeType": "host",
        "props": Object {
          "children": "Close",
          "className": "btn cta error customerInfo-btn",
          "onClick": [Function],
        },
        "ref": null,
        "rendered": "Close",
        "type": "button",
      },
    ],
    "type": "div",
  },
  Symbol(enzyme.__nodes__): Array [
    Object {
      "instance": null,
      "key": undefined,
      "nodeType": "host",
      "props": Object {
        "children": Array [
          <img
            alt="customer"
            className="customerInfo-image"
            src={undefined}
/>,
          <h6
            className="customerInfo-details"
>
            Full Name: 
            Eric hartman
</h6>,
          <h6
            className="customerInfo-details"
>
            Balance: 
</h6>,
          <h6
            className="customerInfo-details"
>
            Active: 
            false
</h6>,
          <h6
            className="customerInfo-details"
>
            Age: 
            29
</h6>,
          <h6
            className="customerInfo-details"
>
            About: 
</h6>,
          <h6
            className="customerInfo-details"
>
            Address: 
</h6>,
          <h6
            className="customerInfo-details"
>
            Friends: 
            <span>
                         
                        undefined, 
                         
            </span>
            <span>
                         
                        undefined, 
                         
            </span>
            <span>
                         
                        undefined, 
                         
            </span>
</h6>,
          <h6
            className="customerInfo-details"
>
            Tags: 
            <span>
                        goo, 
            </span>
            <span>
                        moo, 
            </span>
            <span>
                        shoe, 
            </span>
</h6>,
          <button
            className="btn cta error customerInfo-btn"
            onClick={[Function]}
>
            Close
</button>,
        ],
        "className": "customer-info",
      },
      "ref": null,
      "rendered": Array [
        Object {
          "instance": null,
          "key": undefined,
          "nodeType": "host",
          "props": Object {
            "alt": "customer",
            "className": "customerInfo-image",
            "src": undefined,
          },
          "ref": null,
          "rendered": null,
          "type": "img",
        },
        Object {
          "instance": null,
          "key": undefined,
          "nodeType": "host",
          "props": Object {
            "children": Array [
              "Full Name: ",
              "Eric hartman",
            ],
            "className": "customerInfo-details",
          },
          "ref": null,
          "rendered": Array [
            "Full Name: ",
            "Eric hartman",
          ],
          "type": "h6",
        },
        Object {
          "instance": null,
          "key": undefined,
          "nodeType": "host",
          "props": Object {
            "children": Array [
              "Balance: ",
              undefined,
            ],
            "className": "customerInfo-details",
          },
          "ref": null,
          "rendered": Array [
            "Balance: ",
            undefined,
          ],
          "type": "h6",
        },
        Object {
          "instance": null,
          "key": undefined,
          "nodeType": "host",
          "props": Object {
            "children": Array [
              "Active: ",
              "false",
            ],
            "className": "customerInfo-details",
          },
          "ref": null,
          "rendered": Array [
            "Active: ",
            "false",
          ],
          "type": "h6",
        },
        Object {
          "instance": null,
          "key": undefined,
          "nodeType": "host",
          "props": Object {
            "children": Array [
              "Age: ",
              29,
            ],
            "className": "customerInfo-details",
          },
          "ref": null,
          "rendered": Array [
            "Age: ",
            29,
          ],
          "type": "h6",
        },
        Object {
          "instance": null,
          "key": undefined,
          "nodeType": "host",
          "props": Object {
            "children": Array [
              "About: ",
              undefined,
            ],
            "className": "customerInfo-details",
          },
          "ref": null,
          "rendered": Array [
            "About: ",
            undefined,
          ],
          "type": "h6",
        },
        Object {
          "instance": null,
          "key": undefined,
          "nodeType": "host",
          "props": Object {
            "children": Array [
              "Address: ",
              undefined,
            ],
            "className": "customerInfo-details",
          },
          "ref": null,
          "rendered": Array [
            "Address: ",
            undefined,
          ],
          "type": "h6",
        },
        Object {
          "instance": null,
          "key": undefined,
          "nodeType": "host",
          "props": Object {
            "children": Array [
              "Friends: ",
              Array [
                <span>
                   
                  undefined, 
                   
</span>,
                <span>
                   
                  undefined, 
                   
</span>,
                <span>
                   
                  undefined, 
                   
</span>,
              ],
            ],
            "className": "customerInfo-details",
          },
          "ref": null,
          "rendered": Array [
            "Friends: ",
            Object {
              "instance": null,
              "key": "0",
              "nodeType": "host",
              "props": Object {
                "children": Array [
                  " ",
                  "undefined, ",
                  " ",
                ],
              },
              "ref": null,
              "rendered": Array [
                " ",
                "undefined, ",
                " ",
              ],
              "type": "span",
            },
            Object {
              "instance": null,
              "key": "1",
              "nodeType": "host",
              "props": Object {
                "children": Array [
                  " ",
                  "undefined, ",
                  " ",
                ],
              },
              "ref": null,
              "rendered": Array [
                " ",
                "undefined, ",
                " ",
              ],
              "type": "span",
            },
            Object {
              "instance": null,
              "key": "2",
              "nodeType": "host",
              "props": Object {
                "children": Array [
                  " ",
                  "undefined, ",
                  " ",
                ],
              },
              "ref": null,
              "rendered": Array [
                " ",
                "undefined, ",
                " ",
              ],
              "type": "span",
            },
          ],
          "type": "h6",
        },
        Object {
          "instance": null,
          "key": undefined,
          "nodeType": "host",
          "props": Object {
            "children": Array [
              "Tags: ",
              Array [
                <span>
                  goo, 
</span>,
                <span>
                  moo, 
</span>,
                <span>
                  shoe, 
</span>,
              ],
            ],
            "className": "customerInfo-details",
          },
          "ref": null,
          "rendered": Array [
            "Tags: ",
            Object {
              "instance": null,
              "key": "0",
              "nodeType": "host",
              "props": Object {
                "children": "goo, ",
              },
              "ref": null,
              "rendered": "goo, ",
              "type": "span",
            },
            Object {
              "instance": null,
              "key": "1",
              "nodeType": "host",
              "props": Object {
                "children": "moo, ",
              },
              "ref": null,
              "rendered": "moo, ",
              "type": "span",
            },
            Object {
              "instance": null,
              "key": "2",
              "nodeType": "host",
              "props": Object {
                "children": "shoe, ",
              },
              "ref": null,
              "rendered": "shoe, ",
              "type": "span",
            },
          ],
          "type": "h6",
        },
        Object {
          "instance": null,
          "key": undefined,
          "nodeType": "host",
          "props": Object {
            "children": "Close",
            "className": "btn cta error customerInfo-btn",
            "onClick": [Function],
          },
          "ref": null,
          "rendered": "Close",
          "type": "button",
        },
      ],
      "type": "div",
    },
  ],
  Symbol(enzyme.__options__): Object {
    "adapter": ReactSixteenAdapter {
      "options": Object {
        "enableComponentDidUpdateOnSetState": true,
        "lifecycles": Object {
          "componentDidUpdate": Object {
            "onSetState": true,
          },
          "getDerivedStateFromProps": true,
          "getSnapshotBeforeUpdate": true,
          "setState": Object {
            "skipsComponentDidUpdateOnNullish": true,
          },
        },
      },
    },
    "attachTo": undefined,
    "hydrateIn": undefined,
  },
}
`;
